// Jest Snapshot v1, https://goo.gl/fbAQLP

exports[`empty sequence 1`] = `
Object {
  ".gitignore": "# ~~ Generated by projen. To modify, edit .projenrc.js and run \\"npx projen\\".
!/.projen/sequences.json",
  ".projen/sequences.json": Object {
    "//": "~~ Generated by projen. To modify, edit .projenrc.js and run \\"npx projen\\".",
    "env": Object {},
    "seqs": Object {
      "empty": Object {
        "commands": Array [],
        "description": "empty",
        "env": Object {},
        "name": "empty",
      },
    },
  },
  "README.md": "# my project",
}
`;
