// Jest Snapshot v1, https://goo.gl/fbAQLP

exports[`empty task 1`] = `
Object {
  ".gitignore": "# ~~ Generated by projen. To modify, edit .projenrc.js and run \\"npx projen\\".
!/.projen/tasks.json",
  ".projen/tasks.json": Object {
    "//": "~~ Generated by projen. To modify, edit .projenrc.js and run \\"npx projen\\".",
    "tasks": Object {
      "empty": Object {
        "description": "empty",
        "name": "empty",
      },
    },
  },
  "README.md": "# my project",
}
`;
